
Memory Configuration

Name             Origin             Length             Attributes
FLASH            0x08000000         0x00080000         xr
SRAM             0x20000000         0x00018000         xrw
*default*        0x00000000         0xffffffff

Linker script and memory map

LOAD src/obj/blink.o
LOAD src/obj/main.o
LOAD src/obj/stm32f401re_startup.o
                0x20018000                        _estack = 0x20018000

.isr_vector     0x08000000      0x118
                0x08000000                        . = ALIGN (0x4)
 KEEP*(.isr_vector)
                0x08000000                        . = ALIGN (0x4)
 .isr_vector    0x08000000      0x118 src/obj/stm32f401re_startup.o
                0x08000000                g_pfnVectors

.text           0x08000118      0x14c
                0x08000118                        . = ALIGN (0x4)
 *(.text)
 .text          0x08000118       0x94 src/obj/blink.o
                0x08000118                wait_ms
                0x08000154                blink_init
                0x0800018c                blink
 .text          0x080001ac       0x1c src/obj/main.o
                0x080001ac                main
 .text          0x080001c8       0x90 src/obj/stm32f401re_startup.o
                0x080001c8                UART2_handler
                0x080001c8                EXTI15_10_handler
                0x080001c8                DMA1_Stream7_handler
                0x080001c8                UART1_handler
                0x080001c8                TIM1_UP_TIM10_handler
                0x080001c8                EXTI0_handler
                0x080001c8                DMA1_Stream1_handler
                0x080001c8                SDIO_handler
                0x080001c8                NMI_handler
                0x080001c8                DMA2_Stream3_handler
                0x080001c8                TIM2_handler
                0x080001c8                SPI3_handler
                0x080001c8                TIM3_handler
                0x080001c8                WWDG_handler
                0x080001c8                UART6_handler
                0x080001c8                SPI2_handler
                0x080001c8                UsuageFault_handler
                0x080001c8                SVCall_handler
                0x080001c8                DMA2_Stream6_handler
                0x080001c8                DebugMonitor_handler
                0x080001c8                I2C3_ER_handler
                0x080001c8                DMA1_Stream3_handler
                0x080001c8                MemManage_handler
                0x080001c8                SPI4_handler
                0x080001c8                HardFault_handler
                0x080001c8                DMA1_Stream5_handler
                0x080001c8                FPU_handler
                0x080001c8                DMA2_Stream5_handler
                0x080001c8                EXITI21_TAMP_STAMP_handler
                0x080001c8                EXTI18_OTG_FS_WKUP_handler
                0x080001c8                RCC_handler
                0x080001c8                Systick_handler
                0x080001c8                EXTI2_handler
                0x080001c8                DMA2_Stream1_handler
                0x080001c8                I2C1_ER_handler
                0x080001c8                EXTI9_5__handler
                0x080001c8                EXTI17_RTC_Alarm_handler
                0x080001c8                I2C2_EV_handler
                0x080001c8                EXITI22_RTC_WKUP_handler
                0x080001c8                EXTI3_handler
                0x080001c8                DMA2_Stream0_handler
                0x080001c8                FLASH_handler
                0x080001c8                OTG_FS_handler
                0x080001c8                DMA1_Stream4_handler
                0x080001c8                I2C2_ER_handler
                0x080001c8                TIM1_BRK_TIM9_handler
                0x080001c8                TIM4_handler
                0x080001c8                DMA1_Stream2_handler
                0x080001c8                EXTI4_handler
                0x080001c8                DMA1_Stream6_handler
                0x080001c8                ADC_handler
                0x080001c8                I2C1_EV_handler
                0x080001c8                SPI1_handler
                0x080001c8                DMA2_Stream4_handler
                0x080001c8                PendSV_handler
                0x080001c8                DMA2_Stream7_handler
                0x080001c8                DMA1_Stream0_handler
                0x080001c8                DMA2_Stream2_handler
                0x080001c8                EXTI1_handler
                0x080001c8                TIM1_TRG_COM_TIM11_handler
                0x080001c8                TIM5_handler
                0x080001c8                EXITI16_PVD__handler
                0x080001c8                I2C3_EV_handler
                0x080001c8                BusFault_handler
                0x080001c8                TIM1_CC_handler
                0x080001c8                Default_handler
                0x080001d0                Reset_handler
 *(.rodata)
 .rodata        0x08000258        0xc src/obj/blink.o
                0x08000258                GPIOA
                0x0800025c                GPIOB
                0x08000260                RCC
                0x08000264                        . = ALIGN (0x4)
                0x08000264                        _etext = .

.glue_7         0x08000264        0x0
 .glue_7        0x08000264        0x0 linker stubs

.glue_7t        0x08000264        0x0
 .glue_7t       0x08000264        0x0 linker stubs

.vfp11_veneer   0x08000264        0x0
 .vfp11_veneer  0x08000264        0x0 linker stubs

.v4_bx          0x08000264        0x0
 .v4_bx         0x08000264        0x0 linker stubs

.iplt           0x08000264        0x0
 .iplt          0x08000264        0x0 src/obj/blink.o

.rel.dyn        0x08000264        0x0
 .rel.iplt      0x08000264        0x0 src/obj/blink.o

.data           0x20000000        0x4 load address 0x08000264
                0x20000000                        . = ALIGN (0x4)
                0x20000000                        _sdata = .
 *(.data)
 .data          0x20000000        0x0 src/obj/blink.o
 .data          0x20000000        0x4 src/obj/main.o
                0x20000000                var
 .data          0x20000004        0x0 src/obj/stm32f401re_startup.o
                0x20000004                        . = ALIGN (0x4)
                0x20000004                        _edata = .

.igot.plt       0x20000004        0x0 load address 0x08000268
 .igot.plt      0x20000004        0x0 src/obj/blink.o

.bss            0x20000004      0x194 load address 0x08000268
                0x20000004                        . = ALIGN (0x4)
                0x20000004                        _sbss = .
 *(.bss)
 .bss           0x20000004        0x0 src/obj/blink.o
 .bss           0x20000004      0x194 src/obj/main.o
                0x20000004                var2
                0x20000008                arr
 .bss           0x20000198        0x0 src/obj/stm32f401re_startup.o
 *(COMMON)
                0x20000198                        . = ALIGN (0x4)
                0x20000198                        _ebss = .
OUTPUT(debug/main.elf elf32-littlearm)
LOAD linker stubs

.debug_info     0x00000000      0x52e
 .debug_info    0x00000000      0x2e0 src/obj/blink.o
 .debug_info    0x000002e0       0xaf src/obj/main.o
 .debug_info    0x0000038f      0x19f src/obj/stm32f401re_startup.o

.debug_abbrev   0x00000000      0x2e3
 .debug_abbrev  0x00000000      0x126 src/obj/blink.o
 .debug_abbrev  0x00000126       0xa0 src/obj/main.o
 .debug_abbrev  0x000001c6      0x11d src/obj/stm32f401re_startup.o

.debug_aranges  0x00000000       0x60
 .debug_aranges
                0x00000000       0x20 src/obj/blink.o
 .debug_aranges
                0x00000020       0x20 src/obj/main.o
 .debug_aranges
                0x00000040       0x20 src/obj/stm32f401re_startup.o

.debug_line     0x00000000      0x240
 .debug_line    0x00000000       0x9e src/obj/blink.o
 .debug_line    0x0000009e       0x58 src/obj/main.o
 .debug_line    0x000000f6      0x14a src/obj/stm32f401re_startup.o

.debug_str      0x00000000      0x361
 .debug_str     0x00000000      0x266 src/obj/blink.o
                                0x273 (size before relaxing)
 .debug_str     0x00000266       0x15 src/obj/main.o
                                 0xc3 (size before relaxing)
 .debug_str     0x0000027b       0xe6 src/obj/stm32f401re_startup.o
                                0x1c0 (size before relaxing)

.comment        0x00000000       0x4c
 .comment       0x00000000       0x4c src/obj/blink.o
                                 0x4d (size before relaxing)
 .comment       0x0000004c       0x4d src/obj/main.o
 .comment       0x0000004c       0x4d src/obj/stm32f401re_startup.o

.ARM.attributes
                0x00000000       0x2e
 .ARM.attributes
                0x00000000       0x2e src/obj/blink.o
 .ARM.attributes
                0x0000002e       0x2e src/obj/main.o
 .ARM.attributes
                0x0000005c       0x2e src/obj/stm32f401re_startup.o

.debug_frame    0x00000000       0xec
 .debug_frame   0x00000000       0x74 src/obj/blink.o
 .debug_frame   0x00000074       0x2c src/obj/main.o
 .debug_frame   0x000000a0       0x4c src/obj/stm32f401re_startup.o
